2	4	2
2	3	2
3	4	2
1	5	3
